{
  "version": "1.5.0",
  "plugins_used": [
    {
      "name": "ArtifactoryDetector"
    },
    {
      "name": "AWSKeyDetector"
    },
    {
      "name": "AzureStorageKeyDetector"
    },
    {
      "name": "Base64HighEntropyString",
      "limit": 4.5
    },
    {
      "name": "BasicAuthDetector"
    },
    {
      "name": "CloudantDetector"
    },
    {
      "name": "DiscordBotTokenDetector"
    },
    {
      "name": "GitHubTokenDetector"
    },
    {
      "name": "GitLabTokenDetector"
    },
    {
      "name": "HexHighEntropyString",
      "limit": 3.0
    },
    {
      "name": "IbmCloudIamDetector"
    },
    {
      "name": "IbmCosHmacDetector"
    },
    {
      "name": "IPPublicDetector"
    },
    {
      "name": "JwtTokenDetector"
    },
    {
      "name": "KeywordDetector",
      "keyword_exclude": ""
    },
    {
      "name": "MailchimpDetector"
    },
    {
      "name": "NpmDetector"
    },
    {
      "name": "OpenAIDetector"
    },
    {
      "name": "PrivateKeyDetector"
    },
    {
      "name": "PypiTokenDetector"
    },
    {
      "name": "SendGridDetector"
    },
    {
      "name": "SlackDetector"
    },
    {
      "name": "SoftlayerDetector"
    },
    {
      "name": "SquareOAuthDetector"
    },
    {
      "name": "StripeDetector"
    },
    {
      "name": "TelegramBotTokenDetector"
    },
    {
      "name": "TwilioKeyDetector"
    }
  ],
  "filters_used": [
    {
      "path": "detect_secrets.filters.allowlist.is_line_allowlisted"
    },
    {
      "path": "detect_secrets.filters.common.is_ignored_due_to_verification_policies",
      "min_level": 2
    },
    {
      "path": "detect_secrets.filters.heuristic.is_indirect_reference"
    },
    {
      "path": "detect_secrets.filters.heuristic.is_likely_id_string"
    },
    {
      "path": "detect_secrets.filters.heuristic.is_lock_file"
    },
    {
      "path": "detect_secrets.filters.heuristic.is_not_alphanumeric_string"
    },
    {
      "path": "detect_secrets.filters.heuristic.is_potential_uuid"
    },
    {
      "path": "detect_secrets.filters.heuristic.is_prefixed_with_dollar_sign"
    },
    {
      "path": "detect_secrets.filters.heuristic.is_sequential_string"
    },
    {
      "path": "detect_secrets.filters.heuristic.is_swagger_file"
    },
    {
      "path": "detect_secrets.filters.heuristic.is_templated_secret"
    }
  ],
  "results": {
    ".github/workflows/cicd-main.yml": [
      {
        "type": "Base64 High Entropy String",
        "filename": ".github/workflows/cicd-main.yml",
        "hashed_secret": "593951c440200143335452427205ae7c8580d463",
        "is_verified": false,
        "line_number": 1503
      }
    ],
    "docs/source/nlp/question_answering.rst": [
      {
        "type": "Hex High Entropy String",
        "filename": "docs/source/nlp/question_answering.rst",
        "hashed_secret": "22e6f19f702bbd215acc1862da6acba7e874674e",
        "is_verified": false,
        "line_number": 130
      }
    ],
    "examples/multimodal/multimodal_llm/neva/conf/lita_config.yaml": [
      {
        "type": "Base64 High Entropy String",
        "filename": "examples/multimodal/multimodal_llm/neva/conf/lita_config.yaml",
        "hashed_secret": "a90ca639abde504aba67797b0663923a0075fe6e",
        "is_verified": false,
        "line_number": 75
      }
    ],
    "examples/multimodal/multimodal_llm/neva/conf/neva_inference.yaml": [
      {
        "type": "Secret Keyword",
        "filename": "examples/multimodal/multimodal_llm/neva/conf/neva_inference.yaml",
        "hashed_secret": "109f4b3c50d7b0df729d299bc6f8e9ef9066971f",
        "is_verified": false,
        "line_number": 50
      }
    ],
    "examples/nlp/information_retrieval/conf/megatron_gpt_embedder_generate_config.yaml": [
      {
        "type": "Secret Keyword",
        "filename": "examples/nlp/information_retrieval/conf/megatron_gpt_embedder_generate_config.yaml",
        "hashed_secret": "109f4b3c50d7b0df729d299bc6f8e9ef9066971f",
        "is_verified": false,
        "line_number": 165
      }
    ],
    "examples/nlp/language_modeling/conf/megatron_baichuan2_inference.yaml": [
      {
        "type": "Secret Keyword",
        "filename": "examples/nlp/language_modeling/conf/megatron_baichuan2_inference.yaml",
        "hashed_secret": "109f4b3c50d7b0df729d299bc6f8e9ef9066971f",
        "is_verified": false,
        "line_number": 38
      }
    ],
    "examples/nlp/language_modeling/conf/megatron_chatglm_inference.yaml": [
      {
        "type": "Secret Keyword",
        "filename": "examples/nlp/language_modeling/conf/megatron_chatglm_inference.yaml",
        "hashed_secret": "109f4b3c50d7b0df729d299bc6f8e9ef9066971f",
        "is_verified": false,
        "line_number": 38
      }
    ],
    "examples/nlp/language_modeling/conf/megatron_falcon_inference.yaml": [
      {
        "type": "Secret Keyword",
        "filename": "examples/nlp/language_modeling/conf/megatron_falcon_inference.yaml",
        "hashed_secret": "109f4b3c50d7b0df729d299bc6f8e9ef9066971f",
        "is_verified": false,
        "line_number": 37
      }
    ],
    "examples/nlp/language_modeling/conf/megatron_gpt_inference.yaml": [
      {
        "type": "Secret Keyword",
        "filename": "examples/nlp/language_modeling/conf/megatron_gpt_inference.yaml",
        "hashed_secret": "109f4b3c50d7b0df729d299bc6f8e9ef9066971f",
        "is_verified": false,
        "line_number": 41
      }
    ],
    "examples/nlp/language_modeling/conf/megatron_griffin_generate_config.yaml": [
      {
        "type": "Secret Keyword",
        "filename": "examples/nlp/language_modeling/conf/megatron_griffin_generate_config.yaml",
        "hashed_secret": "109f4b3c50d7b0df729d299bc6f8e9ef9066971f",
        "is_verified": false,
        "line_number": 239
      }
    ],
    "examples/nlp/language_modeling/conf/megatron_llama_inference.yaml": [
      {
        "type": "Secret Keyword",
        "filename": "examples/nlp/language_modeling/conf/megatron_llama_inference.yaml",
        "hashed_secret": "109f4b3c50d7b0df729d299bc6f8e9ef9066971f",
        "is_verified": false,
        "line_number": 38
      }
    ],
    "examples/nlp/language_modeling/conf/megatron_mamba_inference.yaml": [
      {
        "type": "Secret Keyword",
        "filename": "examples/nlp/language_modeling/conf/megatron_mamba_inference.yaml",
        "hashed_secret": "109f4b3c50d7b0df729d299bc6f8e9ef9066971f",
        "is_verified": false,
        "line_number": 40
      }
    ],
    "examples/nlp/language_modeling/conf/megatron_qwen2_inference.yaml": [
      {
        "type": "Secret Keyword",
        "filename": "examples/nlp/language_modeling/conf/megatron_qwen2_inference.yaml",
        "hashed_secret": "109f4b3c50d7b0df729d299bc6f8e9ef9066971f",
        "is_verified": false,
        "line_number": 38
      }
    ],
    "examples/nlp/language_modeling/tuning/conf/megatron_gpt_generate_config.yaml": [
      {
        "type": "Secret Keyword",
        "filename": "examples/nlp/language_modeling/tuning/conf/megatron_gpt_generate_config.yaml",
        "hashed_secret": "109f4b3c50d7b0df729d299bc6f8e9ef9066971f",
        "is_verified": false,
        "line_number": 160
      }
    ],
    "examples/nlp/language_modeling/tuning/conf/megatron_mamba_generate_config.yaml": [
      {
        "type": "Secret Keyword",
        "filename": "examples/nlp/language_modeling/tuning/conf/megatron_mamba_generate_config.yaml",
        "hashed_secret": "109f4b3c50d7b0df729d299bc6f8e9ef9066971f",
        "is_verified": false,
        "line_number": 168
      }
    ],
    "examples/nlp/language_modeling/tuning/conf/megatron_t5_generate_config.yaml": [
      {
        "type": "Secret Keyword",
        "filename": "examples/nlp/language_modeling/tuning/conf/megatron_t5_generate_config.yaml",
        "hashed_secret": "109f4b3c50d7b0df729d299bc6f8e9ef9066971f",
        "is_verified": false,
        "line_number": 157
      }
    ],
    "scripts/checkpoint_converters/convert_mistral_7b_hf_to_nemo.py": [
      {
        "type": "Hex High Entropy String",
        "filename": "scripts/checkpoint_converters/convert_mistral_7b_hf_to_nemo.py",
        "hashed_secret": "e0308bd21bffc156d79208f9ecf130370a015002",
        "is_verified": false,
        "line_number": 460
      }
    ],
    "scripts/dataset_processing/nlp/intent_and_slot/assistant_utils.py": [
      {
        "type": "Base64 High Entropy String",
        "filename": "scripts/dataset_processing/nlp/intent_and_slot/assistant_utils.py",
        "hashed_secret": "adfce53cfc5a36ea58ba816ea6d005231db6455c",
        "is_verified": false,
        "line_number": 40
      }
    ],
    "scripts/nlp_language_modeling/service_launch_scripts/conf/retro_web_server.yaml": [
      {
        "type": "Secret Keyword",
        "filename": "scripts/nlp_language_modeling/service_launch_scripts/conf/retro_web_server.yaml",
        "hashed_secret": "109f4b3c50d7b0df729d299bc6f8e9ef9066971f",
        "is_verified": false,
        "line_number": 9
      }
    ],
    "scripts/nlp_language_modeling/service_launch_scripts/env_variables.sh": [
      {
        "type": "Secret Keyword",
        "filename": "scripts/nlp_language_modeling/service_launch_scripts/env_variables.sh",
        "hashed_secret": "109f4b3c50d7b0df729d299bc6f8e9ef9066971f",
        "is_verified": false,
        "line_number": 33
      }
    ],
    "scripts/tts_dataset_files/cmudict-0.7b_nv22.10": [
      {
        "type": "Artifactory Credentials",
        "filename": "scripts/tts_dataset_files/cmudict-0.7b_nv22.10",
        "hashed_secret": "27b998c0976876189b861934085bba2964e49a11",
        "is_verified": false,
        "line_number": 4873
      }
    ],
    "scripts/tts_dataset_files/es_ES/es_ES_nv230301.dict": [
      {
        "type": "Artifactory Credentials",
        "filename": "scripts/tts_dataset_files/es_ES/es_ES_nv230301.dict",
        "hashed_secret": "6a1c698aa2f0b96b536710f5a2abd0ca64fdb2c1",
        "is_verified": false,
        "line_number": 8415
      },
      {
        "type": "Artifactory Credentials",
        "filename": "scripts/tts_dataset_files/es_ES/es_ES_nv230301.dict",
        "hashed_secret": "9a611ff964db23d7cd8a6f63beb7471144f6be92",
        "is_verified": false,
        "line_number": 8421
      },
      {
        "type": "Artifactory Credentials",
        "filename": "scripts/tts_dataset_files/es_ES/es_ES_nv230301.dict",
        "hashed_secret": "f2f0bc1252ccb8bbc113859849f8c36be203fd9e",
        "is_verified": false,
        "line_number": 8424
      },
      {
        "type": "Artifactory Credentials",
        "filename": "scripts/tts_dataset_files/es_ES/es_ES_nv230301.dict",
        "hashed_secret": "b65cab561c4acd1e20bafd08ce19a9e7b5ea9e1c",
        "is_verified": false,
        "line_number": 8431
      },
      {
        "type": "Artifactory Credentials",
        "filename": "scripts/tts_dataset_files/es_ES/es_ES_nv230301.dict",
        "hashed_secret": "c08ba5eff4953649130e83149817e1087c183358",
        "is_verified": false,
        "line_number": 8433
      },
      {
        "type": "Artifactory Credentials",
        "filename": "scripts/tts_dataset_files/es_ES/es_ES_nv230301.dict",
        "hashed_secret": "b182776899d0959f28f3d80c7d50317de5c0fb2b",
        "is_verified": false,
        "line_number": 8441
      },
      {
        "type": "Artifactory Credentials",
        "filename": "scripts/tts_dataset_files/es_ES/es_ES_nv230301.dict",
        "hashed_secret": "e466719c0309450475aa6b0e0c53a2211db0176d",
        "is_verified": false,
        "line_number": 8442
      },
      {
        "type": "Artifactory Credentials",
        "filename": "scripts/tts_dataset_files/es_ES/es_ES_nv230301.dict",
        "hashed_secret": "0e7ae57946d9c88ce5f017ac50640e2c93c5277b",
        "is_verified": false,
        "line_number": 8443
      },
      {
        "type": "Artifactory Credentials",
        "filename": "scripts/tts_dataset_files/es_ES/es_ES_nv230301.dict",
        "hashed_secret": "6d13086a143b48a00e3aa745a955095fbbc075b2",
        "is_verified": false,
        "line_number": 8444
      },
      {
        "type": "Artifactory Credentials",
        "filename": "scripts/tts_dataset_files/es_ES/es_ES_nv230301.dict",
        "hashed_secret": "d206dd2b79987f5989b23a7a43d6163ed48312f0",
        "is_verified": false,
        "line_number": 8446
      },
      {
        "type": "Artifactory Credentials",
        "filename": "scripts/tts_dataset_files/es_ES/es_ES_nv230301.dict",
        "hashed_secret": "be10bcbbe755bdd51e856af50af01bb4f95bfedb",
        "is_verified": false,
        "line_number": 8449
      },
      {
        "type": "Artifactory Credentials",
        "filename": "scripts/tts_dataset_files/es_ES/es_ES_nv230301.dict",
        "hashed_secret": "2f00d2108827b933019dbedc8cc3f9c84f3bfe1e",
        "is_verified": false,
        "line_number": 8451
      },
      {
        "type": "Artifactory Credentials",
        "filename": "scripts/tts_dataset_files/es_ES/es_ES_nv230301.dict",
        "hashed_secret": "a705c12d23346a892256fa95c892304bd8f4d265",
        "is_verified": false,
        "line_number": 8454
      },
      {
        "type": "Artifactory Credentials",
        "filename": "scripts/tts_dataset_files/es_ES/es_ES_nv230301.dict",
        "hashed_secret": "2471810862c167bed6c3a8383dd410aedb8cb7e1",
        "is_verified": false,
        "line_number": 8456
      },
      {
        "type": "Artifactory Credentials",
        "filename": "scripts/tts_dataset_files/es_ES/es_ES_nv230301.dict",
        "hashed_secret": "34befc5cf63e9c9259c7e75714c81db892419549",
        "is_verified": false,
        "line_number": 8464
      },
      {
        "type": "Artifactory Credentials",
        "filename": "scripts/tts_dataset_files/es_ES/es_ES_nv230301.dict",
        "hashed_secret": "343d4559dcb06080b6fc5a9f42fbb88b6e343526",
        "is_verified": false,
        "line_number": 8470
      },
      {
        "type": "Artifactory Credentials",
        "filename": "scripts/tts_dataset_files/es_ES/es_ES_nv230301.dict",
        "hashed_secret": "96631b5faaa50b4d24076072a357a13f48f1435f",
        "is_verified": false,
        "line_number": 8472
      },
      {
        "type": "Artifactory Credentials",
        "filename": "scripts/tts_dataset_files/es_ES/es_ES_nv230301.dict",
        "hashed_secret": "c5be9fd8c751b6d2ff6219c63de90e4aa9f97546",
        "is_verified": false,
        "line_number": 8477
      },
      {
        "type": "Artifactory Credentials",
        "filename": "scripts/tts_dataset_files/es_ES/es_ES_nv230301.dict",
        "hashed_secret": "4f68de76b2c605cb67d99b1e97b1461ef4618db2",
        "is_verified": false,
        "line_number": 8479
      },
      {
        "type": "Artifactory Credentials",
        "filename": "scripts/tts_dataset_files/es_ES/es_ES_nv230301.dict",
        "hashed_secret": "90d1db77f31a86c5e0081468e0dbda8172b70131",
        "is_verified": false,
        "line_number": 8508
      },
      {
        "type": "Artifactory Credentials",
        "filename": "scripts/tts_dataset_files/es_ES/es_ES_nv230301.dict",
        "hashed_secret": "6f3ce73b5dfbe7e4948bdad86c804ce74e17e0cf",
        "is_verified": false,
        "line_number": 8510
      },
      {
        "type": "Artifactory Credentials",
        "filename": "scripts/tts_dataset_files/es_ES/es_ES_nv230301.dict",
        "hashed_secret": "a1f22c6489b0cf0016b9364619a7d7eed95b6364",
        "is_verified": false,
        "line_number": 8512
      },
      {
        "type": "Artifactory Credentials",
        "filename": "scripts/tts_dataset_files/es_ES/es_ES_nv230301.dict",
        "hashed_secret": "b55ad569f88dc7e42868047f4f4a59c3cb6c110a",
        "is_verified": false,
        "line_number": 8519
      },
      {
        "type": "Artifactory Credentials",
        "filename": "scripts/tts_dataset_files/es_ES/es_ES_nv230301.dict",
        "hashed_secret": "f2c207cddfe45b6c893619c3757f264f721025c6",
        "is_verified": false,
        "line_number": 8521
      },
      {
        "type": "Artifactory Credentials",
        "filename": "scripts/tts_dataset_files/es_ES/es_ES_nv230301.dict",
        "hashed_secret": "d1371bfdfaf5d02731488ca6b6f12e51617813ab",
        "is_verified": false,
        "line_number": 8549
      },
      {
        "type": "Artifactory Credentials",
        "filename": "scripts/tts_dataset_files/es_ES/es_ES_nv230301.dict",
        "hashed_secret": "76d22e171aa272dbdd6d1d67c23d9f700362f09a",
        "is_verified": false,
        "line_number": 8555
      },
      {
        "type": "Artifactory Credentials",
        "filename": "scripts/tts_dataset_files/es_ES/es_ES_nv230301.dict",
        "hashed_secret": "0efe19de03cdaa4a382654246b4bff22dd79e518",
        "is_verified": false,
        "line_number": 8568
      },
      {
        "type": "Artifactory Credentials",
        "filename": "scripts/tts_dataset_files/es_ES/es_ES_nv230301.dict",
        "hashed_secret": "d318e8342db9deb2f6827f39fad6229ca4e4521a",
        "is_verified": false,
        "line_number": 8581
      },
      {
        "type": "Artifactory Credentials",
        "filename": "scripts/tts_dataset_files/es_ES/es_ES_nv230301.dict",
        "hashed_secret": "fb99a4a93e08e86cf5f4475aba66e85def711752",
        "is_verified": false,
        "line_number": 8586
      },
      {
        "type": "Artifactory Credentials",
        "filename": "scripts/tts_dataset_files/es_ES/es_ES_nv230301.dict",
        "hashed_secret": "04ebb8445e6050d78c4636b19a17221387216b0d",
        "is_verified": false,
        "line_number": 8588
      },
      {
        "type": "Artifactory Credentials",
        "filename": "scripts/tts_dataset_files/es_ES/es_ES_nv230301.dict",
        "hashed_secret": "2ec592daffb8a6e8c402690f7aadac6475c5f2ec",
        "is_verified": false,
        "line_number": 8591
      },
      {
        "type": "Artifactory Credentials",
        "filename": "scripts/tts_dataset_files/es_ES/es_ES_nv230301.dict",
        "hashed_secret": "f7df3933dce6e3f5843b7e55ccff8f2516302229",
        "is_verified": false,
        "line_number": 8601
      },
      {
        "type": "Artifactory Credentials",
        "filename": "scripts/tts_dataset_files/es_ES/es_ES_nv230301.dict",
        "hashed_secret": "fe860f7095f48e2f6a63b97124da4afd8c987895",
        "is_verified": false,
        "line_number": 8606
      },
      {
        "type": "Artifactory Credentials",
        "filename": "scripts/tts_dataset_files/es_ES/es_ES_nv230301.dict",
        "hashed_secret": "abd3d69f7d8c98bb7fe98cb6aa41bf3d42d23911",
        "is_verified": false,
        "line_number": 8609
      },
      {
        "type": "Artifactory Credentials",
        "filename": "scripts/tts_dataset_files/es_ES/es_ES_nv230301.dict",
        "hashed_secret": "2070834a550a6fbae2a3912e1117fa9f4270752b",
        "is_verified": false,
        "line_number": 8619
      },
      {
        "type": "Artifactory Credentials",
        "filename": "scripts/tts_dataset_files/es_ES/es_ES_nv230301.dict",
        "hashed_secret": "e7d64bf030b802c205af2832114589c141ea1f33",
        "is_verified": false,
        "line_number": 8622
      },
      {
        "type": "Artifactory Credentials",
        "filename": "scripts/tts_dataset_files/es_ES/es_ES_nv230301.dict",
        "hashed_secret": "c84bccf09830b2804e4d59e8bf82393ae76a8b03",
        "is_verified": false,
        "line_number": 8625
      },
      {
        "type": "Artifactory Credentials",
        "filename": "scripts/tts_dataset_files/es_ES/es_ES_nv230301.dict",
        "hashed_secret": "86888ce709ad4a2590221da4f4d602a254443470",
        "is_verified": false,
        "line_number": 8628
      },
      {
        "type": "Artifactory Credentials",
        "filename": "scripts/tts_dataset_files/es_ES/es_ES_nv230301.dict",
        "hashed_secret": "ae5da5b749fe3b2aea4957c7ee83938a75622bb7",
        "is_verified": false,
        "line_number": 8645
      },
      {
        "type": "Artifactory Credentials",
        "filename": "scripts/tts_dataset_files/es_ES/es_ES_nv230301.dict",
        "hashed_secret": "94ccf1bc68c1a19f5733d9ac6e5bb60166e6530d",
        "is_verified": false,
        "line_number": 8647
      },
      {
        "type": "Artifactory Credentials",
        "filename": "scripts/tts_dataset_files/es_ES/es_ES_nv230301.dict",
        "hashed_secret": "892dbf65134c4dfb554a16f5fc387ef153e269ed",
        "is_verified": false,
        "line_number": 8697
      },
      {
        "type": "Artifactory Credentials",
        "filename": "scripts/tts_dataset_files/es_ES/es_ES_nv230301.dict",
        "hashed_secret": "61bfa79fd6923bc44a8c8c500b8992a66f5ae340",
        "is_verified": false,
        "line_number": 8703
      },
      {
        "type": "Artifactory Credentials",
        "filename": "scripts/tts_dataset_files/es_ES/es_ES_nv230301.dict",
        "hashed_secret": "db880cb9754850e54f247dc1f7d1cce5f80ec056",
        "is_verified": false,
        "line_number": 8718
      },
      {
        "type": "Artifactory Credentials",
        "filename": "scripts/tts_dataset_files/es_ES/es_ES_nv230301.dict",
        "hashed_secret": "a020736e7f661dc0d7985bfdcfadb7dce8db6216",
        "is_verified": false,
        "line_number": 8719
      },
      {
        "type": "Artifactory Credentials",
        "filename": "scripts/tts_dataset_files/es_ES/es_ES_nv230301.dict",
        "hashed_secret": "ee8ddcdb18d90b8ddc8d9d4bb28e7fe700965ea8",
        "is_verified": false,
        "line_number": 8720
      },
      {
        "type": "Artifactory Credentials",
        "filename": "scripts/tts_dataset_files/es_ES/es_ES_nv230301.dict",
        "hashed_secret": "f5726d5cd941bc5fd7cd26fdbf6d1ed5750e55bd",
        "is_verified": false,
        "line_number": 8721
      },
      {
        "type": "Artifactory Credentials",
        "filename": "scripts/tts_dataset_files/es_ES/es_ES_nv230301.dict",
        "hashed_secret": "49e5b074ecc6a910f32617b1d2103849177a254e",
        "is_verified": false,
        "line_number": 8750
      },
      {
        "type": "Artifactory Credentials",
        "filename": "scripts/tts_dataset_files/es_ES/es_ES_nv230301.dict",
        "hashed_secret": "e0a73b397eafd55a2f9cac7b031bf8716bc2b79e",
        "is_verified": false,
        "line_number": 8751
      },
      {
        "type": "Artifactory Credentials",
        "filename": "scripts/tts_dataset_files/es_ES/es_ES_nv230301.dict",
        "hashed_secret": "9c593b1ecb2cfed50a12793d23fb3fc0cd5f5e21",
        "is_verified": false,
        "line_number": 8762
      },
      {
        "type": "Artifactory Credentials",
        "filename": "scripts/tts_dataset_files/es_ES/es_ES_nv230301.dict",
        "hashed_secret": "e1db0a80a43c626e55171566c5823588cfb02fd8",
        "is_verified": false,
        "line_number": 8764
      },
      {
        "type": "Artifactory Credentials",
        "filename": "scripts/tts_dataset_files/es_ES/es_ES_nv230301.dict",
        "hashed_secret": "a5f7d1f0a545e46e361e56191788d0f5fee625fb",
        "is_verified": false,
        "line_number": 8772
      },
      {
        "type": "Artifactory Credentials",
        "filename": "scripts/tts_dataset_files/es_ES/es_ES_nv230301.dict",
        "hashed_secret": "4d199d4ccaea5f654b23dbc22e54acd79cc76e8c",
        "is_verified": false,
        "line_number": 8774
      },
      {
        "type": "Artifactory Credentials",
        "filename": "scripts/tts_dataset_files/es_ES/es_ES_nv230301.dict",
        "hashed_secret": "865d1b874b4cd866febe48e024ed94af5303f808",
        "is_verified": false,
        "line_number": 8775
      },
      {
        "type": "Artifactory Credentials",
        "filename": "scripts/tts_dataset_files/es_ES/es_ES_nv230301.dict",
        "hashed_secret": "fa25b96c74c4f77bb3eb89c55a7ab88550d12de5",
        "is_verified": false,
        "line_number": 8776
      },
      {
        "type": "Artifactory Credentials",
        "filename": "scripts/tts_dataset_files/es_ES/es_ES_nv230301.dict",
        "hashed_secret": "a21fc67d6e3ff4d5f39596793a9e2b01c608d69f",
        "is_verified": false,
        "line_number": 8777
      },
      {
        "type": "Artifactory Credentials",
        "filename": "scripts/tts_dataset_files/es_ES/es_ES_nv230301.dict",
        "hashed_secret": "b2e00015ad1a9cb779655b48a19eff8c834bc36e",
        "is_verified": false,
        "line_number": 8778
      },
      {
        "type": "Artifactory Credentials",
        "filename": "scripts/tts_dataset_files/es_ES/es_ES_nv230301.dict",
        "hashed_secret": "ca51add4d292a3744a883a8844bcbf067b34b468",
        "is_verified": false,
        "line_number": 8779
      },
      {
        "type": "Artifactory Credentials",
        "filename": "scripts/tts_dataset_files/es_ES/es_ES_nv230301.dict",
        "hashed_secret": "8479cbf554082f4f4b3c9587f21c62f406940e93",
        "is_verified": false,
        "line_number": 8782
      },
      {
        "type": "Artifactory Credentials",
        "filename": "scripts/tts_dataset_files/es_ES/es_ES_nv230301.dict",
        "hashed_secret": "d1edb7ebbefe0dd0dfcddce8e0b7e63e74430a5b",
        "is_verified": false,
        "line_number": 8784
      },
      {
        "type": "Artifactory Credentials",
        "filename": "scripts/tts_dataset_files/es_ES/es_ES_nv230301.dict",
        "hashed_secret": "c8b9b705e819ebeba33d4ff4f6dc638a9ee1f47c",
        "is_verified": false,
        "line_number": 8787
      },
      {
        "type": "Artifactory Credentials",
        "filename": "scripts/tts_dataset_files/es_ES/es_ES_nv230301.dict",
        "hashed_secret": "250c748db4a13f7a3cff6ff0934bb0338e9f3190",
        "is_verified": false,
        "line_number": 8788
      },
      {
        "type": "Artifactory Credentials",
        "filename": "scripts/tts_dataset_files/es_ES/es_ES_nv230301.dict",
        "hashed_secret": "6035f3432d36e33f2a57c3c6ee62014a9fb95a19",
        "is_verified": false,
        "line_number": 8789
      },
      {
        "type": "Artifactory Credentials",
        "filename": "scripts/tts_dataset_files/es_ES/es_ES_nv230301.dict",
        "hashed_secret": "82b23ffc5cea766826613f29718bc1e3023f58e8",
        "is_verified": false,
        "line_number": 8790
      }
    ],
    "scripts/tts_dataset_files/es_LA/es_LA_nv230301.dict": [
      {
        "type": "Artifactory Credentials",
        "filename": "scripts/tts_dataset_files/es_LA/es_LA_nv230301.dict",
        "hashed_secret": "6a1c698aa2f0b96b536710f5a2abd0ca64fdb2c1",
        "is_verified": false,
        "line_number": 8743
      },
      {
        "type": "Artifactory Credentials",
        "filename": "scripts/tts_dataset_files/es_LA/es_LA_nv230301.dict",
        "hashed_secret": "9a611ff964db23d7cd8a6f63beb7471144f6be92",
        "is_verified": false,
        "line_number": 8751
      },
      {
        "type": "Artifactory Credentials",
        "filename": "scripts/tts_dataset_files/es_LA/es_LA_nv230301.dict",
        "hashed_secret": "f2f0bc1252ccb8bbc113859849f8c36be203fd9e",
        "is_verified": false,
        "line_number": 8755
      },
      {
        "type": "Artifactory Credentials",
        "filename": "scripts/tts_dataset_files/es_LA/es_LA_nv230301.dict",
        "hashed_secret": "b65cab561c4acd1e20bafd08ce19a9e7b5ea9e1c",
        "is_verified": false,
        "line_number": 8764
      },
      {
        "type": "Artifactory Credentials",
        "filename": "scripts/tts_dataset_files/es_LA/es_LA_nv230301.dict",
        "hashed_secret": "c08ba5eff4953649130e83149817e1087c183358",
        "is_verified": false,
        "line_number": 8766
      },
      {
        "type": "Artifactory Credentials",
        "filename": "scripts/tts_dataset_files/es_LA/es_LA_nv230301.dict",
        "hashed_secret": "b182776899d0959f28f3d80c7d50317de5c0fb2b",
        "is_verified": false,
        "line_number": 8774
      },
      {
        "type": "Artifactory Credentials",
        "filename": "scripts/tts_dataset_files/es_LA/es_LA_nv230301.dict",
        "hashed_secret": "e466719c0309450475aa6b0e0c53a2211db0176d",
        "is_verified": false,
        "line_number": 8775
      },
      {
        "type": "Artifactory Credentials",
        "filename": "scripts/tts_dataset_files/es_LA/es_LA_nv230301.dict",
        "hashed_secret": "0e7ae57946d9c88ce5f017ac50640e2c93c5277b",
        "is_verified": false,
        "line_number": 8776
      },
      {
        "type": "Artifactory Credentials",
        "filename": "scripts/tts_dataset_files/es_LA/es_LA_nv230301.dict",
        "hashed_secret": "6d13086a143b48a00e3aa745a955095fbbc075b2",
        "is_verified": false,
        "line_number": 8777
      },
      {
        "type": "Artifactory Credentials",
        "filename": "scripts/tts_dataset_files/es_LA/es_LA_nv230301.dict",
        "hashed_secret": "d206dd2b79987f5989b23a7a43d6163ed48312f0",
        "is_verified": false,
        "line_number": 8779
      },
      {
        "type": "Artifactory Credentials",
        "filename": "scripts/tts_dataset_files/es_LA/es_LA_nv230301.dict",
        "hashed_secret": "be10bcbbe755bdd51e856af50af01bb4f95bfedb",
        "is_verified": false,
        "line_number": 8782
      },
      {
        "type": "Artifactory Credentials",
        "filename": "scripts/tts_dataset_files/es_LA/es_LA_nv230301.dict",
        "hashed_secret": "2f00d2108827b933019dbedc8cc3f9c84f3bfe1e",
        "is_verified": false,
        "line_number": 8784
      },
      {
        "type": "Artifactory Credentials",
        "filename": "scripts/tts_dataset_files/es_LA/es_LA_nv230301.dict",
        "hashed_secret": "a705c12d23346a892256fa95c892304bd8f4d265",
        "is_verified": false,
        "line_number": 8787
      },
      {
        "type": "Artifactory Credentials",
        "filename": "scripts/tts_dataset_files/es_LA/es_LA_nv230301.dict",
        "hashed_secret": "2471810862c167bed6c3a8383dd410aedb8cb7e1",
        "is_verified": false,
        "line_number": 8789
      },
      {
        "type": "Artifactory Credentials",
        "filename": "scripts/tts_dataset_files/es_LA/es_LA_nv230301.dict",
        "hashed_secret": "34befc5cf63e9c9259c7e75714c81db892419549",
        "is_verified": false,
        "line_number": 8797
      },
      {
        "type": "Artifactory Credentials",
        "filename": "scripts/tts_dataset_files/es_LA/es_LA_nv230301.dict",
        "hashed_secret": "343d4559dcb06080b6fc5a9f42fbb88b6e343526",
        "is_verified": false,
        "line_number": 8803
      },
      {
        "type": "Artifactory Credentials",
        "filename": "scripts/tts_dataset_files/es_LA/es_LA_nv230301.dict",
        "hashed_secret": "96631b5faaa50b4d24076072a357a13f48f1435f",
        "is_verified": false,
        "line_number": 8805
      },
      {
        "type": "Artifactory Credentials",
        "filename": "scripts/tts_dataset_files/es_LA/es_LA_nv230301.dict",
        "hashed_secret": "c5be9fd8c751b6d2ff6219c63de90e4aa9f97546",
        "is_verified": false,
        "line_number": 8810
      },
      {
        "type": "Artifactory Credentials",
        "filename": "scripts/tts_dataset_files/es_LA/es_LA_nv230301.dict",
        "hashed_secret": "4f68de76b2c605cb67d99b1e97b1461ef4618db2",
        "is_verified": false,
        "line_number": 8812
      },
      {
        "type": "Artifactory Credentials",
        "filename": "scripts/tts_dataset_files/es_LA/es_LA_nv230301.dict",
        "hashed_secret": "90d1db77f31a86c5e0081468e0dbda8172b70131",
        "is_verified": false,
        "line_number": 8841
      },
      {
        "type": "Artifactory Credentials",
        "filename": "scripts/tts_dataset_files/es_LA/es_LA_nv230301.dict",
        "hashed_secret": "6f3ce73b5dfbe7e4948bdad86c804ce74e17e0cf",
        "is_verified": false,
        "line_number": 8843
      },
      {
        "type": "Artifactory Credentials",
        "filename": "scripts/tts_dataset_files/es_LA/es_LA_nv230301.dict",
        "hashed_secret": "a1f22c6489b0cf0016b9364619a7d7eed95b6364",
        "is_verified": false,
        "line_number": 8845
      },
      {
        "type": "Artifactory Credentials",
        "filename": "scripts/tts_dataset_files/es_LA/es_LA_nv230301.dict",
        "hashed_secret": "b55ad569f88dc7e42868047f4f4a59c3cb6c110a",
        "is_verified": false,
        "line_number": 8854
      },
      {
        "type": "Artifactory Credentials",
        "filename": "scripts/tts_dataset_files/es_LA/es_LA_nv230301.dict",
        "hashed_secret": "f2c207cddfe45b6c893619c3757f264f721025c6",
        "is_verified": false,
        "line_number": 8856
      },
      {
        "type": "Artifactory Credentials",
        "filename": "scripts/tts_dataset_files/es_LA/es_LA_nv230301.dict",
        "hashed_secret": "d1371bfdfaf5d02731488ca6b6f12e51617813ab",
        "is_verified": false,
        "line_number": 8884
      },
      {
        "type": "Artifactory Credentials",
        "filename": "scripts/tts_dataset_files/es_LA/es_LA_nv230301.dict",
        "hashed_secret": "76d22e171aa272dbdd6d1d67c23d9f700362f09a",
        "is_verified": false,
        "line_number": 8890
      },
      {
        "type": "Artifactory Credentials",
        "filename": "scripts/tts_dataset_files/es_LA/es_LA_nv230301.dict",
        "hashed_secret": "0efe19de03cdaa4a382654246b4bff22dd79e518",
        "is_verified": false,
        "line_number": 8903
      },
      {
        "type": "Artifactory Credentials",
        "filename": "scripts/tts_dataset_files/es_LA/es_LA_nv230301.dict",
        "hashed_secret": "d318e8342db9deb2f6827f39fad6229ca4e4521a",
        "is_verified": false,
        "line_number": 8916
      },
      {
        "type": "Artifactory Credentials",
        "filename": "scripts/tts_dataset_files/es_LA/es_LA_nv230301.dict",
        "hashed_secret": "fb99a4a93e08e86cf5f4475aba66e85def711752",
        "is_verified": false,
        "line_number": 8921
      },
      {
        "type": "Artifactory Credentials",
        "filename": "scripts/tts_dataset_files/es_LA/es_LA_nv230301.dict",
        "hashed_secret": "04ebb8445e6050d78c4636b19a17221387216b0d",
        "is_verified": false,
        "line_number": 8923
      },
      {
        "type": "Artifactory Credentials",
        "filename": "scripts/tts_dataset_files/es_LA/es_LA_nv230301.dict",
        "hashed_secret": "2ec592daffb8a6e8c402690f7aadac6475c5f2ec",
        "is_verified": false,
        "line_number": 8926
      },
      {
        "type": "Artifactory Credentials",
        "filename": "scripts/tts_dataset_files/es_LA/es_LA_nv230301.dict",
        "hashed_secret": "f7df3933dce6e3f5843b7e55ccff8f2516302229",
        "is_verified": false,
        "line_number": 8936
      },
      {
        "type": "Artifactory Credentials",
        "filename": "scripts/tts_dataset_files/es_LA/es_LA_nv230301.dict",
        "hashed_secret": "fe860f7095f48e2f6a63b97124da4afd8c987895",
        "is_verified": false,
        "line_number": 8941
      },
      {
        "type": "Artifactory Credentials",
        "filename": "scripts/tts_dataset_files/es_LA/es_LA_nv230301.dict",
        "hashed_secret": "abd3d69f7d8c98bb7fe98cb6aa41bf3d42d23911",
        "is_verified": false,
        "line_number": 8944
      },
      {
        "type": "Artifactory Credentials",
        "filename": "scripts/tts_dataset_files/es_LA/es_LA_nv230301.dict",
        "hashed_secret": "2070834a550a6fbae2a3912e1117fa9f4270752b",
        "is_verified": false,
        "line_number": 8954
      },
      {
        "type": "Artifactory Credentials",
        "filename": "scripts/tts_dataset_files/es_LA/es_LA_nv230301.dict",
        "hashed_secret": "e7d64bf030b802c205af2832114589c141ea1f33",
        "is_verified": false,
        "line_number": 8958
      },
      {
        "type": "Artifactory Credentials",
        "filename": "scripts/tts_dataset_files/es_LA/es_LA_nv230301.dict",
        "hashed_secret": "c84bccf09830b2804e4d59e8bf82393ae76a8b03",
        "is_verified": false,
        "line_number": 8962
      },
      {
        "type": "Artifactory Credentials",
        "filename": "scripts/tts_dataset_files/es_LA/es_LA_nv230301.dict",
        "hashed_secret": "86888ce709ad4a2590221da4f4d602a254443470",
        "is_verified": false,
        "line_number": 8966
      },
      {
        "type": "Artifactory Credentials",
        "filename": "scripts/tts_dataset_files/es_LA/es_LA_nv230301.dict",
        "hashed_secret": "ae5da5b749fe3b2aea4957c7ee83938a75622bb7",
        "is_verified": false,
        "line_number": 8997
      },
      {
        "type": "Artifactory Credentials",
        "filename": "scripts/tts_dataset_files/es_LA/es_LA_nv230301.dict",
        "hashed_secret": "94ccf1bc68c1a19f5733d9ac6e5bb60166e6530d",
        "is_verified": false,
        "line_number": 8999
      },
      {
        "type": "Artifactory Credentials",
        "filename": "scripts/tts_dataset_files/es_LA/es_LA_nv230301.dict",
        "hashed_secret": "892dbf65134c4dfb554a16f5fc387ef153e269ed",
        "is_verified": false,
        "line_number": 9050
      },
      {
        "type": "Artifactory Credentials",
        "filename": "scripts/tts_dataset_files/es_LA/es_LA_nv230301.dict",
        "hashed_secret": "61bfa79fd6923bc44a8c8c500b8992a66f5ae340",
        "is_verified": false,
        "line_number": 9058
      },
      {
        "type": "Artifactory Credentials",
        "filename": "scripts/tts_dataset_files/es_LA/es_LA_nv230301.dict",
        "hashed_secret": "db880cb9754850e54f247dc1f7d1cce5f80ec056",
        "is_verified": false,
        "line_number": 9076
      },
      {
        "type": "Artifactory Credentials",
        "filename": "scripts/tts_dataset_files/es_LA/es_LA_nv230301.dict",
        "hashed_secret": "a020736e7f661dc0d7985bfdcfadb7dce8db6216",
        "is_verified": false,
        "line_number": 9077
      },
      {
        "type": "Artifactory Credentials",
        "filename": "scripts/tts_dataset_files/es_LA/es_LA_nv230301.dict",
        "hashed_secret": "ee8ddcdb18d90b8ddc8d9d4bb28e7fe700965ea8",
        "is_verified": false,
        "line_number": 9078
      },
      {
        "type": "Artifactory Credentials",
        "filename": "scripts/tts_dataset_files/es_LA/es_LA_nv230301.dict",
        "hashed_secret": "f5726d5cd941bc5fd7cd26fdbf6d1ed5750e55bd",
        "is_verified": false,
        "line_number": 9079
      },
      {
        "type": "Artifactory Credentials",
        "filename": "scripts/tts_dataset_files/es_LA/es_LA_nv230301.dict",
        "hashed_secret": "49e5b074ecc6a910f32617b1d2103849177a254e",
        "is_verified": false,
        "line_number": 9108
      },
      {
        "type": "Artifactory Credentials",
        "filename": "scripts/tts_dataset_files/es_LA/es_LA_nv230301.dict",
        "hashed_secret": "e0a73b397eafd55a2f9cac7b031bf8716bc2b79e",
        "is_verified": false,
        "line_number": 9109
      },
      {
        "type": "Artifactory Credentials",
        "filename": "scripts/tts_dataset_files/es_LA/es_LA_nv230301.dict",
        "hashed_secret": "9c593b1ecb2cfed50a12793d23fb3fc0cd5f5e21",
        "is_verified": false,
        "line_number": 9120
      },
      {
        "type": "Artifactory Credentials",
        "filename": "scripts/tts_dataset_files/es_LA/es_LA_nv230301.dict",
        "hashed_secret": "e1db0a80a43c626e55171566c5823588cfb02fd8",
        "is_verified": false,
        "line_number": 9122
      },
      {
        "type": "Artifactory Credentials",
        "filename": "scripts/tts_dataset_files/es_LA/es_LA_nv230301.dict",
        "hashed_secret": "a5f7d1f0a545e46e361e56191788d0f5fee625fb",
        "is_verified": false,
        "line_number": 9130
      },
      {
        "type": "Artifactory Credentials",
        "filename": "scripts/tts_dataset_files/es_LA/es_LA_nv230301.dict",
        "hashed_secret": "4d199d4ccaea5f654b23dbc22e54acd79cc76e8c",
        "is_verified": false,
        "line_number": 9132
      },
      {
        "type": "Artifactory Credentials",
        "filename": "scripts/tts_dataset_files/es_LA/es_LA_nv230301.dict",
        "hashed_secret": "865d1b874b4cd866febe48e024ed94af5303f808",
        "is_verified": false,
        "line_number": 9133
      },
      {
        "type": "Artifactory Credentials",
        "filename": "scripts/tts_dataset_files/es_LA/es_LA_nv230301.dict",
        "hashed_secret": "fa25b96c74c4f77bb3eb89c55a7ab88550d12de5",
        "is_verified": false,
        "line_number": 9134
      },
      {
        "type": "Artifactory Credentials",
        "filename": "scripts/tts_dataset_files/es_LA/es_LA_nv230301.dict",
        "hashed_secret": "a21fc67d6e3ff4d5f39596793a9e2b01c608d69f",
        "is_verified": false,
        "line_number": 9135
      },
      {
        "type": "Artifactory Credentials",
        "filename": "scripts/tts_dataset_files/es_LA/es_LA_nv230301.dict",
        "hashed_secret": "b2e00015ad1a9cb779655b48a19eff8c834bc36e",
        "is_verified": false,
        "line_number": 9136
      },
      {
        "type": "Artifactory Credentials",
        "filename": "scripts/tts_dataset_files/es_LA/es_LA_nv230301.dict",
        "hashed_secret": "ca51add4d292a3744a883a8844bcbf067b34b468",
        "is_verified": false,
        "line_number": 9137
      },
      {
        "type": "Artifactory Credentials",
        "filename": "scripts/tts_dataset_files/es_LA/es_LA_nv230301.dict",
        "hashed_secret": "8479cbf554082f4f4b3c9587f21c62f406940e93",
        "is_verified": false,
        "line_number": 9140
      },
      {
        "type": "Artifactory Credentials",
        "filename": "scripts/tts_dataset_files/es_LA/es_LA_nv230301.dict",
        "hashed_secret": "d1edb7ebbefe0dd0dfcddce8e0b7e63e74430a5b",
        "is_verified": false,
        "line_number": 9142
      },
      {
        "type": "Artifactory Credentials",
        "filename": "scripts/tts_dataset_files/es_LA/es_LA_nv230301.dict",
        "hashed_secret": "c8b9b705e819ebeba33d4ff4f6dc638a9ee1f47c",
        "is_verified": false,
        "line_number": 9145
      },
      {
        "type": "Artifactory Credentials",
        "filename": "scripts/tts_dataset_files/es_LA/es_LA_nv230301.dict",
        "hashed_secret": "250c748db4a13f7a3cff6ff0934bb0338e9f3190",
        "is_verified": false,
        "line_number": 9146
      },
      {
        "type": "Artifactory Credentials",
        "filename": "scripts/tts_dataset_files/es_LA/es_LA_nv230301.dict",
        "hashed_secret": "6035f3432d36e33f2a57c3c6ee62014a9fb95a19",
        "is_verified": false,
        "line_number": 9147
      },
      {
        "type": "Artifactory Credentials",
        "filename": "scripts/tts_dataset_files/es_LA/es_LA_nv230301.dict",
        "hashed_secret": "82b23ffc5cea766826613f29718bc1e3023f58e8",
        "is_verified": false,
        "line_number": 9148
      }
    ],
    "scripts/tts_dataset_files/ipa_cmudict-0.7b_nv23.01.txt": [
      {
        "type": "Artifactory Credentials",
        "filename": "scripts/tts_dataset_files/ipa_cmudict-0.7b_nv23.01.txt",
        "hashed_secret": "27b998c0976876189b861934085bba2964e49a11",
        "is_verified": false,
        "line_number": 4886
      }
    ],
    "tests/hydra/config1_invalid.yaml": [
      {
        "type": "Secret Keyword",
        "filename": "tests/hydra/config1_invalid.yaml",
        "hashed_secret": "e5e9fa1ba31ecd1ae84f75caaa474f3a663f05f4",
        "is_verified": false,
        "line_number": 2
      }
    ],
    "tests/hydra/config_subdir/config2_invalid.yaml": [
      {
        "type": "Secret Keyword",
        "filename": "tests/hydra/config_subdir/config2_invalid.yaml",
        "hashed_secret": "ebf1f14a3530cd22650b951908b5159f1f2a3ca8",
        "is_verified": false,
        "line_number": 2
      }
    ],
    "tests/infer_data_path.py": [
      {
        "type": "Base64 High Entropy String",
        "filename": "tests/infer_data_path.py",
        "hashed_secret": "e3fb89ccb261c88146519164f7e8a47786d33fee",
        "is_verified": false,
        "line_number": 271
      }
    ],
    "tutorials/asr/Multilang_ASR.ipynb": [
      {
        "type": "Hex High Entropy String",
        "filename": "tutorials/asr/Multilang_ASR.ipynb",
        "hashed_secret": "23ab3508f39164c81139e2bc866ebe46b69248f3",
        "is_verified": false,
        "line_number": 562
      },
      {
        "type": "Hex High Entropy String",
        "filename": "tutorials/asr/Multilang_ASR.ipynb",
        "hashed_secret": "bfbd2a23ecc348e67d5cb55f2db6bf9f9cebb325",
        "is_verified": false,
        "line_number": 563
      },
      {
        "type": "Hex High Entropy String",
        "filename": "tutorials/asr/Multilang_ASR.ipynb",
        "hashed_secret": "81dee32e25f1d0c256140df030b2531dde332acb",
        "is_verified": false,
        "line_number": 564
      },
      {
        "type": "Hex High Entropy String",
        "filename": "tutorials/asr/Multilang_ASR.ipynb",
        "hashed_secret": "4af542b2d6e243a440ad4cf2815d6e2237808df5",
        "is_verified": false,
        "line_number": 565
      },
      {
        "type": "Hex High Entropy String",
        "filename": "tutorials/asr/Multilang_ASR.ipynb",
        "hashed_secret": "a67ed767388e7eece04b5c6f7b568ddf29edac7c",
        "is_verified": false,
        "line_number": 566
      },
      {
        "type": "Hex High Entropy String",
        "filename": "tutorials/asr/Multilang_ASR.ipynb",
        "hashed_secret": "c022505b9f732f0cb352fe8ed5fc278912b46488",
        "is_verified": false,
        "line_number": 567
      },
      {
        "type": "Hex High Entropy String",
        "filename": "tutorials/asr/Multilang_ASR.ipynb",
        "hashed_secret": "182d4019337b9c8786b6e34a83441a21bad1874b",
        "is_verified": false,
        "line_number": 568
      },
      {
        "type": "Hex High Entropy String",
        "filename": "tutorials/asr/Multilang_ASR.ipynb",
        "hashed_secret": "740eb48367bc73edfc56bc4414e9b2662736566c",
        "is_verified": false,
        "line_number": 569
      },
      {
        "type": "Hex High Entropy String",
        "filename": "tutorials/asr/Multilang_ASR.ipynb",
        "hashed_secret": "b1aef696788110cd1e18595d6cebb0959d36adfa",
        "is_verified": false,
        "line_number": 570
      },
      {
        "type": "Hex High Entropy String",
        "filename": "tutorials/asr/Multilang_ASR.ipynb",
        "hashed_secret": "c7fe8bf177365ffe460c15da553c7368ddfdbaa7",
        "is_verified": false,
        "line_number": 571
      },
      {
        "type": "Hex High Entropy String",
        "filename": "tutorials/asr/Multilang_ASR.ipynb",
        "hashed_secret": "f3112d03411e69f7a23d5d1582079e1173cd032e",
        "is_verified": false,
        "line_number": 572
      },
      {
        "type": "Hex High Entropy String",
        "filename": "tutorials/asr/Multilang_ASR.ipynb",
        "hashed_secret": "46859f9c2007195e9762d88c36247d018859f09d",
        "is_verified": false,
        "line_number": 676
      },
      {
        "type": "Hex High Entropy String",
        "filename": "tutorials/asr/Multilang_ASR.ipynb",
        "hashed_secret": "afc8f88c8c20204370c5f35925ef36fc71c71379",
        "is_verified": false,
        "line_number": 677
      },
      {
        "type": "Hex High Entropy String",
        "filename": "tutorials/asr/Multilang_ASR.ipynb",
        "hashed_secret": "df94d52f84db3fa667993f544ea80aca4f9a2125",
        "is_verified": false,
        "line_number": 678
      },
      {
        "type": "Hex High Entropy String",
        "filename": "tutorials/asr/Multilang_ASR.ipynb",
        "hashed_secret": "783c5002441b0a6225cc26f71864f7f8504ef819",
        "is_verified": false,
        "line_number": 679
      },
      {
        "type": "Hex High Entropy String",
        "filename": "tutorials/asr/Multilang_ASR.ipynb",
        "hashed_secret": "469b7833ff898575016f6df77172c9fc910efdf7",
        "is_verified": false,
        "line_number": 680
      },
      {
        "type": "Hex High Entropy String",
        "filename": "tutorials/asr/Multilang_ASR.ipynb",
        "hashed_secret": "90771a6f73123f8665fe199fa920d06ff407ec72",
        "is_verified": false,
        "line_number": 681
      },
      {
        "type": "Hex High Entropy String",
        "filename": "tutorials/asr/Multilang_ASR.ipynb",
        "hashed_secret": "cbf4db9d163e190540825e529b55b551ba21733a",
        "is_verified": false,
        "line_number": 682
      },
      {
        "type": "Hex High Entropy String",
        "filename": "tutorials/asr/Multilang_ASR.ipynb",
        "hashed_secret": "4f58de63d50f78243fadbf94a08fc58fb51d1428",
        "is_verified": false,
        "line_number": 683
      },
      {
        "type": "Hex High Entropy String",
        "filename": "tutorials/asr/Multilang_ASR.ipynb",
        "hashed_secret": "2dc56a67a4ab217c7197c4ce468e0dbe7f20d54b",
        "is_verified": false,
        "line_number": 684
      },
      {
        "type": "Hex High Entropy String",
        "filename": "tutorials/asr/Multilang_ASR.ipynb",
        "hashed_secret": "a4d526869e953d0eebcfd7948f798ba1d39397c4",
        "is_verified": false,
        "line_number": 685
      },
      {
        "type": "Hex High Entropy String",
        "filename": "tutorials/asr/Multilang_ASR.ipynb",
        "hashed_secret": "8109bf627c2f367f0f75ec0fc4079040d46ea65b",
        "is_verified": false,
        "line_number": 686
      },
      {
        "type": "Hex High Entropy String",
        "filename": "tutorials/asr/Multilang_ASR.ipynb",
        "hashed_secret": "05d48a4ba182e2966da054c756e527a7304b586e",
        "is_verified": false,
        "line_number": 1148
      },
      {
        "type": "Hex High Entropy String",
        "filename": "tutorials/asr/Multilang_ASR.ipynb",
        "hashed_secret": "a091c7128789cea09adabf026a3dbd7b0febcfef",
        "is_verified": false,
        "line_number": 1149
      },
      {
        "type": "Hex High Entropy String",
        "filename": "tutorials/asr/Multilang_ASR.ipynb",
        "hashed_secret": "38403bcc580ba265c4918eaea606399cf37689a2",
        "is_verified": false,
        "line_number": 1150
      },
      {
        "type": "Hex High Entropy String",
        "filename": "tutorials/asr/Multilang_ASR.ipynb",
        "hashed_secret": "d572b2cd7c13cbb69a638f2b978da146b34340df",
        "is_verified": false,
        "line_number": 1151
      },
      {
        "type": "Hex High Entropy String",
        "filename": "tutorials/asr/Multilang_ASR.ipynb",
        "hashed_secret": "f97db3647a1e5869756fc4019bf198e900034e67",
        "is_verified": false,
        "line_number": 1152
      },
      {
        "type": "Hex High Entropy String",
        "filename": "tutorials/asr/Multilang_ASR.ipynb",
        "hashed_secret": "ae0722be63cd884e5788cc8153a9f7728d54f72c",
        "is_verified": false,
        "line_number": 1153
      },
      {
        "type": "Hex High Entropy String",
        "filename": "tutorials/asr/Multilang_ASR.ipynb",
        "hashed_secret": "d694e89fef75e8d868accaba50c224a1f2dd8399",
        "is_verified": false,
        "line_number": 1154
      },
      {
        "type": "Hex High Entropy String",
        "filename": "tutorials/asr/Multilang_ASR.ipynb",
        "hashed_secret": "8e2fe85dc67f14fa2f02ffa465974dec89655856",
        "is_verified": false,
        "line_number": 1155
      },
      {
        "type": "Hex High Entropy String",
        "filename": "tutorials/asr/Multilang_ASR.ipynb",
        "hashed_secret": "e23d0990cdb54a3d1dc3c9bcf922242fc7bacc64",
        "is_verified": false,
        "line_number": 1156
      },
      {
        "type": "Hex High Entropy String",
        "filename": "tutorials/asr/Multilang_ASR.ipynb",
        "hashed_secret": "d49a849228aa07e957274e8b1349405868626e56",
        "is_verified": false,
        "line_number": 1157
      },
      {
        "type": "Hex High Entropy String",
        "filename": "tutorials/asr/Multilang_ASR.ipynb",
        "hashed_secret": "a32050f253ef8a9f61b37ac26180efb6acf0bb30",
        "is_verified": false,
        "line_number": 1158
      },
      {
        "type": "Hex High Entropy String",
        "filename": "tutorials/asr/Multilang_ASR.ipynb",
        "hashed_secret": "834213b15871dbd6b30f517de52ec9df2730eb7b",
        "is_verified": false,
        "line_number": 1196
      },
      {
        "type": "Hex High Entropy String",
        "filename": "tutorials/asr/Multilang_ASR.ipynb",
        "hashed_secret": "b0555871dc9fc34a149b82e62fc72fc654b84667",
        "is_verified": false,
        "line_number": 1197
      },
      {
        "type": "Hex High Entropy String",
        "filename": "tutorials/asr/Multilang_ASR.ipynb",
        "hashed_secret": "32fe03ac71cc6c8a31c72e21c9aec64557cb4fba",
        "is_verified": false,
        "line_number": 1198
      },
      {
        "type": "Hex High Entropy String",
        "filename": "tutorials/asr/Multilang_ASR.ipynb",
        "hashed_secret": "3e712f05fedce2068adf4f6ac44b3759a1fbbd59",
        "is_verified": false,
        "line_number": 1199
      },
      {
        "type": "Hex High Entropy String",
        "filename": "tutorials/asr/Multilang_ASR.ipynb",
        "hashed_secret": "f8472c93db4afd582aafddcc5a2dd8d568cb3e43",
        "is_verified": false,
        "line_number": 1200
      },
      {
        "type": "Hex High Entropy String",
        "filename": "tutorials/asr/Multilang_ASR.ipynb",
        "hashed_secret": "1d8c14b1e24558e9cdbd47644f36c5675edcdcca",
        "is_verified": false,
        "line_number": 1201
      },
      {
        "type": "Hex High Entropy String",
        "filename": "tutorials/asr/Multilang_ASR.ipynb",
        "hashed_secret": "2a11395949beadb049a0cd129b6f5e3aa3782814",
        "is_verified": false,
        "line_number": 1202
      },
      {
        "type": "Hex High Entropy String",
        "filename": "tutorials/asr/Multilang_ASR.ipynb",
        "hashed_secret": "edae2d92434824df126daa3340589b60da2afa67",
        "is_verified": false,
        "line_number": 1203
      },
      {
        "type": "Hex High Entropy String",
        "filename": "tutorials/asr/Multilang_ASR.ipynb",
        "hashed_secret": "cc9e0c1b12b1abaffa7eb6cbccbee72f65ac1535",
        "is_verified": false,
        "line_number": 1204
      },
      {
        "type": "Hex High Entropy String",
        "filename": "tutorials/asr/Multilang_ASR.ipynb",
        "hashed_secret": "e80f107771869ec656d0cf6e8486486b69f922ae",
        "is_verified": false,
        "line_number": 1205
      },
      {
        "type": "Hex High Entropy String",
        "filename": "tutorials/asr/Multilang_ASR.ipynb",
        "hashed_secret": "160fb2093e3388000d26c76d25428170a035bdcf",
        "is_verified": false,
        "line_number": 1206
      },
      {
        "type": "Hex High Entropy String",
        "filename": "tutorials/asr/Multilang_ASR.ipynb",
        "hashed_secret": "9488ce4f041c4c3b404ff21110170940ce5295f2",
        "is_verified": false,
        "line_number": 2028
      },
      {
        "type": "Hex High Entropy String",
        "filename": "tutorials/asr/Multilang_ASR.ipynb",
        "hashed_secret": "4fb50b7293c24d257d3b39eec254517e73cd27be",
        "is_verified": false,
        "line_number": 2029
      },
      {
        "type": "Hex High Entropy String",
        "filename": "tutorials/asr/Multilang_ASR.ipynb",
        "hashed_secret": "2d3ad63f96d6f447f63a2ec9d451ba34a8c8013e",
        "is_verified": false,
        "line_number": 2030
      },
      {
        "type": "Hex High Entropy String",
        "filename": "tutorials/asr/Multilang_ASR.ipynb",
        "hashed_secret": "7c0a1424bcd4d5086497ba05ff5d2b5c11112655",
        "is_verified": false,
        "line_number": 2031
      },
      {
        "type": "Hex High Entropy String",
        "filename": "tutorials/asr/Multilang_ASR.ipynb",
        "hashed_secret": "5582b5110b9376a45e2329d2d127f972673287a9",
        "is_verified": false,
        "line_number": 2032
      },
      {
        "type": "Hex High Entropy String",
        "filename": "tutorials/asr/Multilang_ASR.ipynb",
        "hashed_secret": "e99b32711f4beb0cd40130d75016b45ec188eac0",
        "is_verified": false,
        "line_number": 2033
      },
      {
        "type": "Hex High Entropy String",
        "filename": "tutorials/asr/Multilang_ASR.ipynb",
        "hashed_secret": "5cbed1a68bafa82a8a0ff59f03c8f28148081f1e",
        "is_verified": false,
        "line_number": 2034
      },
      {
        "type": "Hex High Entropy String",
        "filename": "tutorials/asr/Multilang_ASR.ipynb",
        "hashed_secret": "d7604ec9987dc19cfd2e512d1fdab6f1ceb41a7c",
        "is_verified": false,
        "line_number": 2035
      },
      {
        "type": "Hex High Entropy String",
        "filename": "tutorials/asr/Multilang_ASR.ipynb",
        "hashed_secret": "b329420ee2aa11facc5a652f2bb32ca0f186c442",
        "is_verified": false,
        "line_number": 2036
      },
      {
        "type": "Hex High Entropy String",
        "filename": "tutorials/asr/Multilang_ASR.ipynb",
        "hashed_secret": "f16bb2651aa872a8d12dd98e11efb58bd23da895",
        "is_verified": false,
        "line_number": 2037
      },
      {
        "type": "Hex High Entropy String",
        "filename": "tutorials/asr/Multilang_ASR.ipynb",
        "hashed_secret": "74032a5243a1cf863a7e84e1749a3fac81e7290f",
        "is_verified": false,
        "line_number": 2038
      },
      {
        "type": "Hex High Entropy String",
        "filename": "tutorials/asr/Multilang_ASR.ipynb",
        "hashed_secret": "b5b39748fce09b60e94b21b466c52c791d627cba",
        "is_verified": false,
        "line_number": 2039
      },
      {
        "type": "Hex High Entropy String",
        "filename": "tutorials/asr/Multilang_ASR.ipynb",
        "hashed_secret": "db98703d26bdf4616c4e65036986b6355611211f",
        "is_verified": false,
        "line_number": 2040
      },
      {
        "type": "Hex High Entropy String",
        "filename": "tutorials/asr/Multilang_ASR.ipynb",
        "hashed_secret": "4d14a5871469d7490614a53cab3fbfc52a7279e5",
        "is_verified": false,
        "line_number": 2041
      },
      {
        "type": "Hex High Entropy String",
        "filename": "tutorials/asr/Multilang_ASR.ipynb",
        "hashed_secret": "258ddab91bab22bd68bc3015ea889521fa3fdacd",
        "is_verified": false,
        "line_number": 2042
      },
      {
        "type": "Hex High Entropy String",
        "filename": "tutorials/asr/Multilang_ASR.ipynb",
        "hashed_secret": "6d7a940238710f5f734f1816fc47959ef7f95636",
        "is_verified": false,
        "line_number": 2043
      },
      {
        "type": "Hex High Entropy String",
        "filename": "tutorials/asr/Multilang_ASR.ipynb",
        "hashed_secret": "de52434f2efe55aed0df2256de9abd275539cf0b",
        "is_verified": false,
        "line_number": 2044
      },
      {
        "type": "Hex High Entropy String",
        "filename": "tutorials/asr/Multilang_ASR.ipynb",
        "hashed_secret": "4cd4d2a18051aaad9320442a4377cd18577f73f9",
        "is_verified": false,
        "line_number": 2045
      },
      {
        "type": "Hex High Entropy String",
        "filename": "tutorials/asr/Multilang_ASR.ipynb",
        "hashed_secret": "954ca4decf6425679bb28e223ff6b137c1e9ce6e",
        "is_verified": false,
        "line_number": 2046
      },
      {
        "type": "Hex High Entropy String",
        "filename": "tutorials/asr/Multilang_ASR.ipynb",
        "hashed_secret": "f6b0d563b01f1250220b29dbdf5f70c14d206be7",
        "is_verified": false,
        "line_number": 2047
      },
      {
        "type": "Hex High Entropy String",
        "filename": "tutorials/asr/Multilang_ASR.ipynb",
        "hashed_secret": "99285fb5e057fc901d1877f1f0c8b8c94ecd1358",
        "is_verified": false,
        "line_number": 2048
      },
      {
        "type": "Hex High Entropy String",
        "filename": "tutorials/asr/Multilang_ASR.ipynb",
        "hashed_secret": "faa5674f871179e8abe110c410403b51893c917f",
        "is_verified": false,
        "line_number": 2049
      },
      {
        "type": "Hex High Entropy String",
        "filename": "tutorials/asr/Multilang_ASR.ipynb",
        "hashed_secret": "92a0615e0edaf88003fb0b6f70dc77de93828bb8",
        "is_verified": false,
        "line_number": 2103
      },
      {
        "type": "Hex High Entropy String",
        "filename": "tutorials/asr/Multilang_ASR.ipynb",
        "hashed_secret": "77351aa360f4c3e50ef4cd700bba74219d5b5aa2",
        "is_verified": false,
        "line_number": 2104
      },
      {
        "type": "Hex High Entropy String",
        "filename": "tutorials/asr/Multilang_ASR.ipynb",
        "hashed_secret": "c7226bd151222bb3ab574a4d21d83d97ed054112",
        "is_verified": false,
        "line_number": 2105
      },
      {
        "type": "Hex High Entropy String",
        "filename": "tutorials/asr/Multilang_ASR.ipynb",
        "hashed_secret": "f73edb9e83b0f41052050055ac563973a6850afb",
        "is_verified": false,
        "line_number": 2106
      },
      {
        "type": "Hex High Entropy String",
        "filename": "tutorials/asr/Multilang_ASR.ipynb",
        "hashed_secret": "346a54ded37ddfd7de0b98b3f8a6fefb92c97ec5",
        "is_verified": false,
        "line_number": 2107
      },
      {
        "type": "Hex High Entropy String",
        "filename": "tutorials/asr/Multilang_ASR.ipynb",
        "hashed_secret": "078cde4cd776c14c9166304412a643cff409faa0",
        "is_verified": false,
        "line_number": 2108
      },
      {
        "type": "Hex High Entropy String",
        "filename": "tutorials/asr/Multilang_ASR.ipynb",
        "hashed_secret": "4a3c4394031a7842a72b787cf5b08a165e8b7206",
        "is_verified": false,
        "line_number": 2109
      },
      {
        "type": "Hex High Entropy String",
        "filename": "tutorials/asr/Multilang_ASR.ipynb",
        "hashed_secret": "406aa8259676acb13859b17f5e1f94fcdb69c0d6",
        "is_verified": false,
        "line_number": 2110
      },
      {
        "type": "Hex High Entropy String",
        "filename": "tutorials/asr/Multilang_ASR.ipynb",
        "hashed_secret": "3607002f0fabd7bbbe4e90715beb1c85a6ade333",
        "is_verified": false,
        "line_number": 2111
      },
      {
        "type": "Hex High Entropy String",
        "filename": "tutorials/asr/Multilang_ASR.ipynb",
        "hashed_secret": "465ee282a0d7b2cf762d9dbce0b1f356d75bc15d",
        "is_verified": false,
        "line_number": 2112
      },
      {
        "type": "Hex High Entropy String",
        "filename": "tutorials/asr/Multilang_ASR.ipynb",
        "hashed_secret": "44608c743318ec5489b23a388f4f6e0f724ac0a8",
        "is_verified": false,
        "line_number": 2113
      },
      {
        "type": "Hex High Entropy String",
        "filename": "tutorials/asr/Multilang_ASR.ipynb",
        "hashed_secret": "1a4251d6b7ba19233f16766868ac29e3428db4f0",
        "is_verified": false,
        "line_number": 2203
      },
      {
        "type": "Hex High Entropy String",
        "filename": "tutorials/asr/Multilang_ASR.ipynb",
        "hashed_secret": "55dd3f4c1b8682cf8ec7b21243cdffe0127f0e03",
        "is_verified": false,
        "line_number": 2204
      },
      {
        "type": "Hex High Entropy String",
        "filename": "tutorials/asr/Multilang_ASR.ipynb",
        "hashed_secret": "220d1fa41654cb432843792dd63e8f446eedefa9",
        "is_verified": false,
        "line_number": 2205
      },
      {
        "type": "Hex High Entropy String",
        "filename": "tutorials/asr/Multilang_ASR.ipynb",
        "hashed_secret": "35654d3cde31330d1e3fd05a04d4cbea41c1f993",
        "is_verified": false,
        "line_number": 2206
      },
      {
        "type": "Hex High Entropy String",
        "filename": "tutorials/asr/Multilang_ASR.ipynb",
        "hashed_secret": "119aea04e3efd1c741bfd98fe51439d6bb280a95",
        "is_verified": false,
        "line_number": 2207
      },
      {
        "type": "Hex High Entropy String",
        "filename": "tutorials/asr/Multilang_ASR.ipynb",
        "hashed_secret": "b5c60cd211f3aac2db08a223c0571d1e53e7c60d",
        "is_verified": false,
        "line_number": 2208
      },
      {
        "type": "Hex High Entropy String",
        "filename": "tutorials/asr/Multilang_ASR.ipynb",
        "hashed_secret": "4039b99a1c2bdca7737ed4f7934e5a9db2e76f8c",
        "is_verified": false,
        "line_number": 2209
      },
      {
        "type": "Hex High Entropy String",
        "filename": "tutorials/asr/Multilang_ASR.ipynb",
        "hashed_secret": "6c04b8e8560c27e7c586a92b046c532da6b1e50c",
        "is_verified": false,
        "line_number": 2210
      },
      {
        "type": "Hex High Entropy String",
        "filename": "tutorials/asr/Multilang_ASR.ipynb",
        "hashed_secret": "6a76bf0f171be18b2c3bd53219235c3ab16fdc7f",
        "is_verified": false,
        "line_number": 2211
      },
      {
        "type": "Hex High Entropy String",
        "filename": "tutorials/asr/Multilang_ASR.ipynb",
        "hashed_secret": "025bef6ec65b88f3999f1b25157b7a6e17f5bfcd",
        "is_verified": false,
        "line_number": 2212
      },
      {
        "type": "Hex High Entropy String",
        "filename": "tutorials/asr/Multilang_ASR.ipynb",
        "hashed_secret": "026954128506e379050cbea083edbddd1c1777b6",
        "is_verified": false,
        "line_number": 2213
      },
      {
        "type": "Hex High Entropy String",
        "filename": "tutorials/asr/Multilang_ASR.ipynb",
        "hashed_secret": "745cfb125e37dee46e2952e02a0a4d5d5d56f546",
        "is_verified": false,
        "line_number": 2314
      },
      {
        "type": "Base64 High Entropy String",
        "filename": "tutorials/asr/Multilang_ASR.ipynb",
        "hashed_secret": "543a58dd6dadfca9bc28a7f164e6b36c0b6e9a96",
        "is_verified": false,
        "line_number": 4799
      }
    ],
    "tutorials/multimodal/DreamBooth Tutorial.ipynb": [
      {
        "type": "Base64 High Entropy String",
        "filename": "tutorials/multimodal/DreamBooth Tutorial.ipynb",
        "hashed_secret": "effe1444a4c73d23e5fc2a9f28048e1dd0653e82",
        "is_verified": false,
        "line_number": 223
      }
    ],
    "tutorials/multimodal/Multimodal Data Preparation.ipynb": [
      {
        "type": "Hex High Entropy String",
        "filename": "tutorials/multimodal/Multimodal Data Preparation.ipynb",
        "hashed_secret": "5251fc51eb9d18d0de87c87ea09e4af9d1bf7a9f",
        "is_verified": false,
        "line_number": 18
      },
      {
        "type": "Hex High Entropy String",
        "filename": "tutorials/multimodal/Multimodal Data Preparation.ipynb",
        "hashed_secret": "194c1dff6224941326fe1d95936ba0e22fd60bb2",
        "is_verified": false,
        "line_number": 65
      },
      {
        "type": "Hex High Entropy String",
        "filename": "tutorials/multimodal/Multimodal Data Preparation.ipynb",
        "hashed_secret": "fe852a949d021998ad30bdd6a73a20c82221d486",
        "is_verified": false,
        "line_number": 217
      },
      {
        "type": "Hex High Entropy String",
        "filename": "tutorials/multimodal/Multimodal Data Preparation.ipynb",
        "hashed_secret": "b641cbe299c9e27b480cc8a823bb020d45962236",
        "is_verified": false,
        "line_number": 660
      }
    ],
    "tutorials/nlp/ITN_with_Thutmose_Tagger.ipynb": [
      {
        "type": "Artifactory Credentials",
        "filename": "tutorials/nlp/ITN_with_Thutmose_Tagger.ipynb",
        "hashed_secret": "b5077fe6f2a92ca029dc6b5c022321b3828a2998",
        "is_verified": false,
        "line_number": 876
      }
    ],
    "tutorials/nlp/Token_Classification-BioMegatron.ipynb": [
      {
        "type": "Hex High Entropy String",
        "filename": "tutorials/nlp/Token_Classification-BioMegatron.ipynb",
        "hashed_secret": "308d692d0307f53df800c91720fb271d62078391",
        "is_verified": false,
        "line_number": 689
      }
    ],
    "tutorials/speaker_tasks/Speaker_Diarization_Inference.ipynb": [
      {
        "type": "Hex High Entropy String",
        "filename": "tutorials/speaker_tasks/Speaker_Diarization_Inference.ipynb",
        "hashed_secret": "80903ddedcf4ec0a2ee5911cefa7e1ad52419dcc",
        "is_verified": false,
        "line_number": 989
      }
    ],
    "tutorials/tools/DefinedCrowd_x_NeMo_ASR_Training_Tutorial.ipynb": [
      {
        "type": "Hex High Entropy String",
        "filename": "tutorials/tools/DefinedCrowd_x_NeMo_ASR_Training_Tutorial.ipynb",
        "hashed_secret": "3d52dd8e15de7d018930a034453752599cecfb95",
        "is_verified": false,
        "line_number": 18
      },
      {
        "type": "Hex High Entropy String",
        "filename": "tutorials/tools/DefinedCrowd_x_NeMo_ASR_Training_Tutorial.ipynb",
        "hashed_secret": "8dd2391af4e9a5dc76b28f46ff201e1e7c9942f0",
        "is_verified": false,
        "line_number": 38
      },
      {
        "type": "Hex High Entropy String",
        "filename": "tutorials/tools/DefinedCrowd_x_NeMo_ASR_Training_Tutorial.ipynb",
        "hashed_secret": "af149e43b0d4f9e4554b6b7a3260eafbfe1b5d8e",
        "is_verified": false,
        "line_number": 89
      },
      {
        "type": "Hex High Entropy String",
        "filename": "tutorials/tools/DefinedCrowd_x_NeMo_ASR_Training_Tutorial.ipynb",
        "hashed_secret": "bb0c7befac27daf54e33d8e8b179598866feae04",
        "is_verified": false,
        "line_number": 112
      },
      {
        "type": "Hex High Entropy String",
        "filename": "tutorials/tools/DefinedCrowd_x_NeMo_ASR_Training_Tutorial.ipynb",
        "hashed_secret": "645a085cdd80cde400cc162bfa2c24a286ca24c8",
        "is_verified": false,
        "line_number": 132
      },
      {
        "type": "Hex High Entropy String",
        "filename": "tutorials/tools/DefinedCrowd_x_NeMo_ASR_Training_Tutorial.ipynb",
        "hashed_secret": "592340cf9486ccc3b0eff57e8f78ccf1f90add85",
        "is_verified": false,
        "line_number": 147
      },
      {
        "type": "Hex High Entropy String",
        "filename": "tutorials/tools/DefinedCrowd_x_NeMo_ASR_Training_Tutorial.ipynb",
        "hashed_secret": "a9fdd91c2d3e03d3a8f039126c275d27c4adc5b2",
        "is_verified": false,
        "line_number": 198
      },
      {
        "type": "Hex High Entropy String",
        "filename": "tutorials/tools/DefinedCrowd_x_NeMo_ASR_Training_Tutorial.ipynb",
        "hashed_secret": "eb455e1717efd60ca3896632c94a2b41d87855f2",
        "is_verified": false,
        "line_number": 212
      },
      {
        "type": "Hex High Entropy String",
        "filename": "tutorials/tools/DefinedCrowd_x_NeMo_ASR_Training_Tutorial.ipynb",
        "hashed_secret": "096179c125fa827fde3bb88f53873aeaa3f7709f",
        "is_verified": false,
        "line_number": 263
      },
      {
        "type": "Hex High Entropy String",
        "filename": "tutorials/tools/DefinedCrowd_x_NeMo_ASR_Training_Tutorial.ipynb",
        "hashed_secret": "9b895d433fc031a41bf872d697038c218e909066",
        "is_verified": false,
        "line_number": 283
      },
      {
        "type": "Hex High Entropy String",
        "filename": "tutorials/tools/DefinedCrowd_x_NeMo_ASR_Training_Tutorial.ipynb",
        "hashed_secret": "daf16ebe45194e3ebed5c2cc59f334279d51fa0f",
        "is_verified": false,
        "line_number": 334
      },
      {
        "type": "Hex High Entropy String",
        "filename": "tutorials/tools/DefinedCrowd_x_NeMo_ASR_Training_Tutorial.ipynb",
        "hashed_secret": "0d39ffb347d6fcd6c7b3519310756c1020091c6c",
        "is_verified": false,
        "line_number": 357
      },
      {
        "type": "Hex High Entropy String",
        "filename": "tutorials/tools/DefinedCrowd_x_NeMo_ASR_Training_Tutorial.ipynb",
        "hashed_secret": "8eedca919f4fb2dafb68c2afc1faf76088ab12e0",
        "is_verified": false,
        "line_number": 377
      },
      {
        "type": "Hex High Entropy String",
        "filename": "tutorials/tools/DefinedCrowd_x_NeMo_ASR_Training_Tutorial.ipynb",
        "hashed_secret": "7bc61a4c215f078b7de911363bedd91b471fa213",
        "is_verified": false,
        "line_number": 392
      },
      {
        "type": "Hex High Entropy String",
        "filename": "tutorials/tools/DefinedCrowd_x_NeMo_ASR_Training_Tutorial.ipynb",
        "hashed_secret": "3088c565074b06f94684576b96b4d5b59560497c",
        "is_verified": false,
        "line_number": 443
      },
      {
        "type": "Hex High Entropy String",
        "filename": "tutorials/tools/DefinedCrowd_x_NeMo_ASR_Training_Tutorial.ipynb",
        "hashed_secret": "209b86707a2f8f8253ce09587ca7ac1f6eefd4da",
        "is_verified": false,
        "line_number": 457
      }
    ],
    "tutorials/tts/FastPitch_Finetuning.ipynb": [
      {
        "type": "Hex High Entropy String",
        "filename": "tutorials/tts/FastPitch_Finetuning.ipynb",
        "hashed_secret": "e915298ac5414db160aada21c7a235431ddfa98d",
        "is_verified": false,
        "line_number": 717
      }
    ],
    "tutorials/tts/FastPitch_MixerTTS_Training.ipynb": [
      {
        "type": "Hex High Entropy String",
        "filename": "tutorials/tts/FastPitch_MixerTTS_Training.ipynb",
        "hashed_secret": "e915298ac5414db160aada21c7a235431ddfa98d",
        "is_verified": false,
        "line_number": 611
      }
    ],
    "tutorials/tts/Inference_ModelSelect.ipynb": [
      {
        "type": "Hex High Entropy String",
        "filename": "tutorials/tts/Inference_ModelSelect.ipynb",
        "hashed_secret": "98307baca81149afa8a07a7cbe7ebc48c447d4be",
        "is_verified": false,
        "line_number": 315
      }
    ],
    "tutorials/tts/NeMo_TTS_Primer.ipynb": [
      {
        "type": "Hex High Entropy String",
        "filename": "tutorials/tts/NeMo_TTS_Primer.ipynb",
        "hashed_secret": "e915298ac5414db160aada21c7a235431ddfa98d",
        "is_verified": false,
        "line_number": 2063
      }
    ]
  },
  "generated_at": "2024-09-08T19:00:15Z"
}
